nohup: ignoring input
[INFO] Scanning for projects...
[INFO] 
[INFO] -----------------------< com.kishti:emi-wallet >------------------------
[INFO] Building kishti-emi-wallet 0.0.1-SNAPSHOT
[INFO]   from pom.xml
[INFO] --------------------------------[ jar ]---------------------------------
[INFO] 
[INFO] >>> spring-boot:3.5.3:run (default-cli) > test-compile @ emi-wallet >>>
[INFO] 
[INFO] --- resources:3.3.1:resources (default-resources) @ emi-wallet ---
[INFO] Copying 1 resource from src/main/resources to target/classes
[INFO] Copying 0 resource from src/main/resources to target/classes
[INFO] 
[INFO] --- compiler:3.14.0:compile (default-compile) @ emi-wallet ---
[INFO] Nothing to compile - all classes are up to date.
[INFO] 
[INFO] --- resources:3.3.1:testResources (default-testResources) @ emi-wallet ---
[INFO] skip non existing resourceDirectory /workspace/kishti-app/backend/src/test/resources
[INFO] 
[INFO] --- compiler:3.14.0:testCompile (default-testCompile) @ emi-wallet ---
[INFO] Nothing to compile - all classes are up to date.
[INFO] 
[INFO] <<< spring-boot:3.5.3:run (default-cli) < test-compile @ emi-wallet <<<
[INFO] 
[INFO] 
[INFO] --- spring-boot:3.5.3:run (default-cli) @ emi-wallet ---
[INFO] Attaching agents: []

  .   ____          _            __ _ _
 /\\ / ___'_ __ _ _(_)_ __  __ _ \ \ \ \
( ( )\___ | '_ | '_| | '_ \/ _` | \ \ \ \
 \\/  ___)| |_)| | | | | || (_| |  ) ) ) )
  '  |____| .__|_| |_|_| |_\__, | / / / /
 =========|_|==============|___/=/_/_/_/

 :: Spring Boot ::                (v3.5.3)

2025-07-23T17:25:20.770Z  INFO 8038 --- [kishti-emi-wallet] [           main] c.k.e.KishtiEmiWalletApplication         : Starting KishtiEmiWalletApplication using Java 21.0.7 with PID 8038 (/workspace/kishti-app/backend/target/classes started by ubuntu in /workspace/kishti-app/backend)
2025-07-23T17:25:20.772Z  INFO 8038 --- [kishti-emi-wallet] [           main] c.k.e.KishtiEmiWalletApplication         : No active profile set, falling back to 1 default profile: "default"
2025-07-23T17:25:21.559Z  INFO 8038 --- [kishti-emi-wallet] [           main] .s.d.r.c.RepositoryConfigurationDelegate : Bootstrapping Spring Data JPA repositories in DEFAULT mode.
2025-07-23T17:25:21.608Z  INFO 8038 --- [kishti-emi-wallet] [           main] .s.d.r.c.RepositoryConfigurationDelegate : Finished Spring Data repository scanning in 39 ms. Found 4 JPA repository interfaces.
2025-07-23T17:25:22.001Z  INFO 8038 --- [kishti-emi-wallet] [           main] o.s.b.w.embedded.tomcat.TomcatWebServer  : Tomcat initialized with port 8080 (http)
2025-07-23T17:25:22.009Z  INFO 8038 --- [kishti-emi-wallet] [           main] o.apache.catalina.core.StandardService   : Starting service [Tomcat]
2025-07-23T17:25:22.009Z  INFO 8038 --- [kishti-emi-wallet] [           main] o.apache.catalina.core.StandardEngine    : Starting Servlet engine: [Apache Tomcat/10.1.42]
2025-07-23T17:25:22.035Z  INFO 8038 --- [kishti-emi-wallet] [           main] o.a.c.c.C.[Tomcat].[localhost].[/]       : Initializing Spring embedded WebApplicationContext
2025-07-23T17:25:22.036Z  INFO 8038 --- [kishti-emi-wallet] [           main] w.s.c.ServletWebServerApplicationContext : Root WebApplicationContext: initialization completed in 1228 ms
2025-07-23T17:25:22.210Z  INFO 8038 --- [kishti-emi-wallet] [           main] o.hibernate.jpa.internal.util.LogHelper  : HHH000204: Processing PersistenceUnitInfo [name: default]
2025-07-23T17:25:22.258Z  INFO 8038 --- [kishti-emi-wallet] [           main] org.hibernate.Version                    : HHH000412: Hibernate ORM core version 6.6.18.Final
2025-07-23T17:25:22.295Z  INFO 8038 --- [kishti-emi-wallet] [           main] o.h.c.internal.RegionFactoryInitiator    : HHH000026: Second-level cache disabled
2025-07-23T17:25:22.551Z  INFO 8038 --- [kishti-emi-wallet] [           main] o.s.o.j.p.SpringPersistenceUnitInfo      : No LoadTimeWeaver setup: ignoring JPA class transformer
2025-07-23T17:25:22.574Z  INFO 8038 --- [kishti-emi-wallet] [           main] com.zaxxer.hikari.HikariDataSource       : HikariPool-1 - Starting...
2025-07-23T17:25:22.715Z  INFO 8038 --- [kishti-emi-wallet] [           main] com.zaxxer.hikari.pool.HikariPool        : HikariPool-1 - Added connection conn0: url=jdbc:h2:mem:kishti_db user=SA
2025-07-23T17:25:22.716Z  INFO 8038 --- [kishti-emi-wallet] [           main] com.zaxxer.hikari.HikariDataSource       : HikariPool-1 - Start completed.
2025-07-23T17:25:22.735Z  WARN 8038 --- [kishti-emi-wallet] [           main] org.hibernate.orm.deprecation            : HHH90000025: H2Dialect does not need to be specified explicitly using 'hibernate.dialect' (remove the property setting and it will be selected by default)
2025-07-23T17:25:22.747Z  INFO 8038 --- [kishti-emi-wallet] [           main] org.hibernate.orm.connections.pooling    : HHH10001005: Database info:
	Database JDBC URL [Connecting through datasource 'HikariDataSource (HikariPool-1)']
	Database driver: undefined/unknown
	Database version: 2.3.232
	Autocommit mode: undefined/unknown
	Isolation level: undefined/unknown
	Minimum pool size: undefined/unknown
	Maximum pool size: undefined/unknown
2025-07-23T17:25:23.366Z  INFO 8038 --- [kishti-emi-wallet] [           main] o.h.e.t.j.p.i.JtaPlatformInitiator       : HHH000489: No JTA platform available (set 'hibernate.transaction.jta.platform' to enable JTA platform integration)
Hibernate: 
    drop table if exists emi_payments cascade 
Hibernate: 
    drop table if exists emi_wallet_transactions cascade 
Hibernate: 
    drop table if exists loans cascade 
Hibernate: 
    drop table if exists users cascade 
Hibernate: 
    create table emi_payments (
        due_date date not null,
        late_fee numeric(15,2),
        payment_amount numeric(15,2) not null,
        payment_date date not null,
        created_at timestamp(6),
        id bigint generated by default as identity,
        loan_id bigint not null,
        updated_at timestamp(6),
        payment_method varchar(255),
        transaction_reference varchar(255),
        status enum ('COMPLETED','FAILED','OVERDUE','PENDING'),
        primary key (id)
    )
Hibernate: 
    create table emi_wallet_transactions (
        emi_collection_amount numeric(15,2) not null,
        transaction_amount numeric(15,2) not null,
        created_at timestamp(6),
        id bigint generated by default as identity,
        loan_id bigint not null,
        description varchar(255),
        payment_reference varchar(255),
        transaction_type enum ('EMI_COLLECTION','PAYMENT_RECEIVED','REFUND'),
        primary key (id)
    )
Hibernate: 
    create table loans (
        emi_amount numeric(15,2) not null,
        emi_collection_percentage numeric(5,2),
        emi_day_of_month integer not null,
        interest_rate numeric(5,2) not null,
        loan_end_date date,
        loan_start_date date,
        outstanding_amount numeric(15,2) not null,
        principal_amount numeric(15,2) not null,
        tenure_months integer not null,
        borrower_id bigint not null,
        created_at timestamp(6),
        id bigint generated by default as identity,
        lender_id bigint not null,
        updated_at timestamp(6),
        status enum ('ACTIVE','CANCELLED','COMPLETED','DEFAULTED','PENDING'),
        primary key (id)
    )
Hibernate: 
    create table users (
        created_at timestamp(6),
        id bigint generated by default as identity,
        updated_at timestamp(6),
        business_address varchar(255),
        business_name varchar(255),
        email varchar(255) unique,
        full_name varchar(255) not null,
        pan_number varchar(255),
        password varchar(255) not null,
        phone_number varchar(255) not null,
        username varchar(255) not null unique,
        user_type enum ('ADMIN','BORROWER','LENDER'),
        primary key (id)
    )
Hibernate: 
    alter table if exists emi_payments 
       add constraint FK5le0nm04xx2ikebfhfijh6py4 
       foreign key (loan_id) 
       references loans
Hibernate: 
    alter table if exists emi_wallet_transactions 
       add constraint FKrmurltgg4ujh70avmb6t9b1lb 
       foreign key (loan_id) 
       references loans
Hibernate: 
    alter table if exists loans 
       add constraint FK2r7bo1dhntarh4c125saxyva4 
       foreign key (borrower_id) 
       references users
Hibernate: 
    alter table if exists loans 
       add constraint FKmncmom5b7vctpc4tmi5gj2qn8 
       foreign key (lender_id) 
       references users
2025-07-23T17:25:23.409Z  INFO 8038 --- [kishti-emi-wallet] [           main] j.LocalContainerEntityManagerFactoryBean : Initialized JPA EntityManagerFactory for persistence unit 'default'
2025-07-23T17:25:23.635Z  INFO 8038 --- [kishti-emi-wallet] [           main] o.s.d.j.r.query.QueryEnhancerFactory     : Hibernate is in classpath; If applicable, HQL parser will be used.
2025-07-23T17:25:24.915Z  WARN 8038 --- [kishti-emi-wallet] [           main] JpaBaseConfiguration$JpaWebConfiguration : spring.jpa.open-in-view is enabled by default. Therefore, database queries may be performed during view rendering. Explicitly configure spring.jpa.open-in-view to disable this warning
2025-07-23T17:25:25.103Z  INFO 8038 --- [kishti-emi-wallet] [           main] o.s.b.a.e.web.EndpointLinksResolver      : Exposing 1 endpoint beneath base path '/actuator'
2025-07-23T17:25:25.128Z  WARN 8038 --- [kishti-emi-wallet] [           main] .s.s.UserDetailsServiceAutoConfiguration : 

Using generated security password: ae9cae58-c89b-44eb-87cd-af3efe446d18

This generated password is for development use only. Your security configuration must be updated before running your application in production.

2025-07-23T17:25:25.134Z  INFO 8038 --- [kishti-emi-wallet] [           main] r$InitializeUserDetailsManagerConfigurer : Global AuthenticationManager configured with UserDetailsService bean with name inMemoryUserDetailsManager
2025-07-23T17:25:25.358Z  INFO 8038 --- [kishti-emi-wallet] [           main] o.s.b.a.h2.H2ConsoleAutoConfiguration    : H2 console available at '/h2-console'. Database available at 'jdbc:h2:mem:kishti_db'
2025-07-23T17:25:25.419Z  INFO 8038 --- [kishti-emi-wallet] [           main] o.s.b.w.embedded.tomcat.TomcatWebServer  : Tomcat started on port 8080 (http) with context path '/'
2025-07-23T17:25:25.429Z  INFO 8038 --- [kishti-emi-wallet] [           main] c.k.e.KishtiEmiWalletApplication         : Started KishtiEmiWalletApplication in 4.953 seconds (process running for 5.236)
2025-07-23T17:26:37.952Z  INFO 8038 --- [kishti-emi-wallet] [0.0-8080-exec-1] o.a.c.c.C.[Tomcat].[localhost].[/]       : Initializing Spring DispatcherServlet 'dispatcherServlet'
2025-07-23T17:26:37.953Z  INFO 8038 --- [kishti-emi-wallet] [0.0-8080-exec-1] o.s.web.servlet.DispatcherServlet        : Initializing Servlet 'dispatcherServlet'
2025-07-23T17:26:37.955Z  INFO 8038 --- [kishti-emi-wallet] [0.0-8080-exec-1] o.s.web.servlet.DispatcherServlet        : Completed initialization in 2 ms
Hibernate: 
    select
        u1_0.id,
        u1_0.business_address,
        u1_0.business_name,
        u1_0.created_at,
        u1_0.email,
        u1_0.full_name,
        u1_0.pan_number,
        u1_0.password,
        u1_0.phone_number,
        u1_0.updated_at,
        u1_0.user_type,
        u1_0.username 
    from
        users u1_0
Hibernate: 
    select
        u1_0.id,
        u1_0.business_address,
        u1_0.business_name,
        u1_0.created_at,
        u1_0.email,
        u1_0.full_name,
        u1_0.pan_number,
        u1_0.password,
        u1_0.phone_number,
        u1_0.updated_at,
        u1_0.user_type,
        u1_0.username 
    from
        users u1_0
Hibernate: 
    select
        u1_0.id,
        u1_0.business_address,
        u1_0.business_name,
        u1_0.created_at,
        u1_0.email,
        u1_0.full_name,
        u1_0.pan_number,
        u1_0.password,
        u1_0.phone_number,
        u1_0.updated_at,
        u1_0.user_type,
        u1_0.username 
    from
        users u1_0
Hibernate: 
    select
        u1_0.id,
        u1_0.business_address,
        u1_0.business_name,
        u1_0.created_at,
        u1_0.email,
        u1_0.full_name,
        u1_0.pan_number,
        u1_0.password,
        u1_0.phone_number,
        u1_0.updated_at,
        u1_0.user_type,
        u1_0.username 
    from
        users u1_0
Hibernate: 
    select
        u1_0.id,
        u1_0.business_address,
        u1_0.business_name,
        u1_0.created_at,
        u1_0.email,
        u1_0.full_name,
        u1_0.pan_number,
        u1_0.password,
        u1_0.phone_number,
        u1_0.updated_at,
        u1_0.user_type,
        u1_0.username 
    from
        users u1_0
